[    1444ms] [ERROR] Mixed Content: The page at 'https://automationexercise.com/contact_us' was loaded over HTTPS, but requested an insecure stylesheet 'http://fonts.googleapis.com/css?family=Roboto:400,300,400italic,500,700,100'. This request has been blocked; the content must be served over HTTPS. @ https://automationexercise.com/contact_us:0
[    1444ms] [ERROR] Mixed Content: The page at 'https://automationexercise.com/contact_us' was loaded over HTTPS, but requested an insecure stylesheet 'http://fonts.googleapis.com/css?family=Open+Sans:400,800,300,600,700'. This request has been blocked; the content must be served over HTTPS. @ https://automationexercise.com/contact_us:0
[    1444ms] [ERROR] Mixed Content: The page at 'https://automationexercise.com/contact_us' was loaded over HTTPS, but requested an insecure stylesheet 'http://fonts.googleapis.com/css?family=Abel'. This request has been blocked; the content must be served over HTTPS. @ https://automationexercise.com/contact_us:0
[    1726ms] [WARNING] Google Maps JavaScript API has been loaded directly without loading=async. This can result in suboptimal performance. For best-practice loading patterns please see https://goo.gle/js-api-loading @ https://maps.google.com/maps/api/js?sensor=true:330
[    6879ms] [WARNING] Google Maps JavaScript API warning: NoApiKeys https://developers.google.com/maps/documentation/javascript/error-messages#no-api-keys @ https://maps.google.com/maps-api-v3/api/js/66/7/intl/en_gb/util.js:37
[    6879ms] [WARNING] Google Maps JavaScript API warning: SensorNotRequired https://developers.google.com/maps/documentation/javascript/error-messages#sensor-not-required @ https://maps.google.com/maps-api-v3/api/js/66/7/intl/en_gb/util.js:37
[    8523ms] [ERROR] Mixed Content: The page at 'https://automationexercise.com/login' was loaded over HTTPS, but requested an insecure stylesheet 'http://fonts.googleapis.com/css?family=Roboto:400,300,400italic,500,700,100'. This request has been blocked; the content must be served over HTTPS. @ https://automationexercise.com/login:18
[    8523ms] [ERROR] Mixed Content: The page at 'https://automationexercise.com/login' was loaded over HTTPS, but requested an insecure stylesheet 'http://fonts.googleapis.com/css?family=Open+Sans:400,800,300,600,700'. This request has been blocked; the content must be served over HTTPS. @ https://automationexercise.com/login:18
[    8523ms] [ERROR] Mixed Content: The page at 'https://automationexercise.com/login' was loaded over HTTPS, but requested an insecure stylesheet 'http://fonts.googleapis.com/css?family=Abel'. This request has been blocked; the content must be served over HTTPS. @ https://automationexercise.com/login:18
[    8561ms] [VERBOSE] [DOM] Input elements should have autocomplete attributes (suggested: "current-password"): (More info: https://goo.gl/9p2vKq) %o @ https://automationexercise.com/login:0
[   73347ms] [ERROR] Failed to load resource: net::ERR_FAILED @ https://pagead2.googlesyndication.com/pagead/js/adsbygoogle.js?client=ca-pub-1677597403311019:0
[   73531ms] [ERROR] Mixed Content: The page at 'https://automationexercise.com/contact_us' was loaded over HTTPS, but requested an insecure stylesheet 'http://fonts.googleapis.com/css?family=Roboto:400,300,400italic,500,700,100'. This request has been blocked; the content must be served over HTTPS. @ https://automationexercise.com/contact_us:0
[   73531ms] [ERROR] Mixed Content: The page at 'https://automationexercise.com/contact_us' was loaded over HTTPS, but requested an insecure stylesheet 'http://fonts.googleapis.com/css?family=Open+Sans:400,800,300,600,700'. This request has been blocked; the content must be served over HTTPS. @ https://automationexercise.com/contact_us:0
[   73531ms] [ERROR] Mixed Content: The page at 'https://automationexercise.com/contact_us' was loaded over HTTPS, but requested an insecure stylesheet 'http://fonts.googleapis.com/css?family=Abel'. This request has been blocked; the content must be served over HTTPS. @ https://automationexercise.com/contact_us:0
[   73750ms] [WARNING] Google Maps JavaScript API has been loaded directly without loading=async. This can result in suboptimal performance. For best-practice loading patterns please see https://goo.gle/js-api-loading @ https://maps.google.com/maps/api/js?sensor=true:330
[   78807ms] [WARNING] Google Maps JavaScript API warning: NoApiKeys https://developers.google.com/maps/documentation/javascript/error-messages#no-api-keys @ https://maps.google.com/maps-api-v3/api/js/66/7/intl/en_gb/util.js:37
[   78807ms] [WARNING] Google Maps JavaScript API warning: SensorNotRequired https://developers.google.com/maps/documentation/javascript/error-messages#sensor-not-required @ https://maps.google.com/maps-api-v3/api/js/66/7/intl/en_gb/util.js:37
[  108397ms] [ERROR] Failed to load resource: net::ERR_FAILED @ https://pagead2.googlesyndication.com/pagead/js/adsbygoogle.js?client=ca-pub-1677597403311019:0
[  108567ms] [ERROR] Mixed Content: The page at 'https://automationexercise.com/contact_us' was loaded over HTTPS, but requested an insecure stylesheet 'http://fonts.googleapis.com/css?family=Roboto:400,300,400italic,500,700,100'. This request has been blocked; the content must be served over HTTPS. @ https://automationexercise.com/contact_us:0
[  108567ms] [ERROR] Mixed Content: The page at 'https://automationexercise.com/contact_us' was loaded over HTTPS, but requested an insecure stylesheet 'http://fonts.googleapis.com/css?family=Open+Sans:400,800,300,600,700'. This request has been blocked; the content must be served over HTTPS. @ https://automationexercise.com/contact_us:0
[  108567ms] [ERROR] Mixed Content: The page at 'https://automationexercise.com/contact_us' was loaded over HTTPS, but requested an insecure stylesheet 'http://fonts.googleapis.com/css?family=Abel'. This request has been blocked; the content must be served over HTTPS. @ https://automationexercise.com/contact_us:0
[  108795ms] [WARNING] Google Maps JavaScript API has been loaded directly without loading=async. This can result in suboptimal performance. For best-practice loading patterns please see https://goo.gle/js-api-loading @ https://maps.google.com/maps/api/js?sensor=true:330
[  113845ms] [WARNING] Google Maps JavaScript API warning: NoApiKeys https://developers.google.com/maps/documentation/javascript/error-messages#no-api-keys @ https://maps.google.com/maps-api-v3/api/js/66/7/intl/en_gb/util.js:37
[  113846ms] [WARNING] Google Maps JavaScript API warning: SensorNotRequired https://developers.google.com/maps/documentation/javascript/error-messages#sensor-not-required @ https://maps.google.com/maps-api-v3/api/js/66/7/intl/en_gb/util.js:37
[  118316ms] [ERROR] Failed to load resource: net::ERR_FAILED @ https://pagead2.googlesyndication.com/pagead/js/adsbygoogle.js?client=ca-pub-1677597403311019:0
[  118616ms] [ERROR] Mixed Content: The page at 'https://automationexercise.com/contact_us' was loaded over HTTPS, but requested an insecure stylesheet 'http://fonts.googleapis.com/css?family=Roboto:400,300,400italic,500,700,100'. This request has been blocked; the content must be served over HTTPS. @ https://automationexercise.com/contact_us:0
[  118617ms] [ERROR] Mixed Content: The page at 'https://automationexercise.com/contact_us' was loaded over HTTPS, but requested an insecure stylesheet 'http://fonts.googleapis.com/css?family=Open+Sans:400,800,300,600,700'. This request has been blocked; the content must be served over HTTPS. @ https://automationexercise.com/contact_us:0
[  118617ms] [ERROR] Mixed Content: The page at 'https://automationexercise.com/contact_us' was loaded over HTTPS, but requested an insecure stylesheet 'http://fonts.googleapis.com/css?family=Abel'. This request has been blocked; the content must be served over HTTPS. @ https://automationexercise.com/contact_us:0
[  118659ms] [WARNING] Google Maps JavaScript API has been loaded directly without loading=async. This can result in suboptimal performance. For best-practice loading patterns please see https://goo.gle/js-api-loading @ https://maps.google.com/maps/api/js?sensor=true:330
[  123705ms] [WARNING] Google Maps JavaScript API warning: NoApiKeys https://developers.google.com/maps/documentation/javascript/error-messages#no-api-keys @ https://maps.google.com/maps-api-v3/api/js/66/7/intl/en_gb/util.js:37
[  123705ms] [WARNING] Google Maps JavaScript API warning: SensorNotRequired https://developers.google.com/maps/documentation/javascript/error-messages#sensor-not-required @ https://maps.google.com/maps-api-v3/api/js/66/7/intl/en_gb/util.js:37
